// Jest Snapshot v1, https://goo.gl/fbAQLP

exports[`renders the App 1`] = `
<div>
  <div
    id="App"
  >
    <header
      id="nav"
    >
      <a
        href="/"
      >
        <button
          id="home"
        >
          Home
        </button>
      </a>
      <a
        href="/shop"
      >
        <button
          id="shop"
        >
          Shop
        </button>
      </a>
    </header>
    <footer>
      <a
        href="https://github.com/RhazzXIX"
      >
        <img
          alt="GitHub Profile"
          id="gitHub"
          src="github.png"
        />
      </a>
    </footer>
  </div>
</div>
`;
