// Jest Snapshot v1, https://goo.gl/fbAQLP

exports[`Cart component Gets rendered 1`] = `
<div>
  <section
    id="cart-page"
  >
    <header>
      <h4>
        Cart
      </h4>
      <h5>
        Items:
      </h5>
      <h5>
        Costs:
      </h5>
    </header>
    <ul>
      <li>
        <h4>
          Black Motorbike
        </h4>
        <img
          alt="Black Motorbike"
          src="https://i.dummyjson.com/data/products/91/1.jpg"
        />
        <p>
          $ 
          569
          .00 x 
          2
        </p>
        <p>
          $ 
          1138
          .00
        </p>
        <button>
          <img
            alt="delete"
            src="del.svg"
          />
        </button>
      </li>
    </ul>
    <footer>
      <h4>
        Total Cost: $ 
        1138
        .00
      </h4>
    </footer>
  </section>
</div>
`;
